[ogs-seminar.narod.ru/index.html]
[ogs-seminar.narod.ru/YWtf/Cpq1bBV/2GPnxbde9]
[backblue.gif]
[fade.gif]
[index.html]
[ogs-seminar.narod.ru/img/title.gif]
[ogs-seminar.narod.ru/index-2.html]
[ogs-seminar.narod.ru/.s/src/jquery-3.3.1.min.js]
[ogs-seminar.narod.ru/gb.html]
[ogs-seminar.narod.ru/psem.html]
[ogs-seminar.narod.ru/materials.html]
[ogs-seminar.narod.ru/people.html]
[ogs-seminar.narod.ru/gz.jpg]
[ogs-seminar.narod.ru/psem_08_09.html]
[ogs-seminar.narod.ru/psem_09_10.html]
[ogs-seminar.narod.ru/psem_10_11.html]
[ogs-seminar.narod.ru/index.html]
[ogs-seminar.narod.ru/psem_11_12.html]
[ogs-seminar.narod.ru/psem_12_13.html]
[ogs-seminar.narod.ru/vCyJN/bheImdfdf]
[ogs-seminar.narod.ru/index-2.html]
[ogs-seminar.narod.ru/7rfU6979]
[ogs-seminar.narod.ru/.s/src/base.min.css]
[ogs-seminar.narod.ru/jsmath/easy/load.js]
[ogs-seminar.narod.ru/.s/src/layer1.min.css]
[ogs-seminar.narod.ru/.s/src/ulightbox/ulightbox.min.css]
[ogs-seminar.narod.ru/.s/src/jquery-3.6.0.min.js]
[ogs-seminar.narod.ru/.s/src/social.css]
[ogs-seminar.narod.ru/.s/img/fr/EmnAjax.gif]
[ogs-seminar.narod.ru/.s/src/ulightbox/ulightbox.min.js]
[ogs-seminar.narod.ru/gb/2.html]
[ogs-seminar.narod.ru/.s/src/uwnd.min.js]
[ogs-seminar.narod.ru/gb/3.html]
[ogs-seminar.narod.ru/gb/4.html]
[ogs-seminar.narod.ru/gb/5.html]
[ogs-seminar.narod.ru/gb/6.html]
[ogs-seminar.narod.ru/gb.html]
[ogs-seminar.narod.ru/register.html]
[ogs-seminar.narod.ru/BkkMMA/v7ZSbc/6EX21f6]
[ogs-seminar.narod.ru/psem.html]
[ogs-seminar.narod.ru/qEK0589]
[ogs-seminar.narod.ru/materials/Doklady425_5_09SmolyanovLO.pdf]
[ogs-seminar.narod.ru/materials/Doklady420_1_08SmolyanovShamarov.pdf]
[ogs-seminar.narod.ru/materials/Doklady431_2_SmolyanovShamarov.pdf]
[ogs-seminar.narod.ru/materials/Trushechkin-autoref.pdf]
[ogs-seminar.narod.ru/Doklady404_2_05VolovichTrushechkin.25.delayed]
[ogs-seminar.narod.ru/materials/TrushechkinVolovich_Tsim288.pdf]
[ogs-seminar.narod.ru/materials/Trushechkin_ON_STANDARDS_AND_SPECIFICATIONS_IJQI_0602_P347.pdf]
[ogs-seminar.narod.ru/materials/TrushechkinVolovich_Functional_Classical_Mechanics_V1N4_361-367.pdf]
[ogs-seminar.narod.ru/materials/akbarov-ster-spaces.pdf]
[ogs-seminar.narod.ru/materials/akbarov-stein-groups.pdf]
[ogs-seminar.narod.ru/materials/SergeevAG_QUTS.pdf]
[ogs-seminar.narod.ru/materials/Sakbaev_TrudiMFTI_2009_01_04.2c.delayed]
[ogs-seminar.narod.ru/materials/Sakbaev_IDAQPRT_1301_P65.pdf]
[ogs-seminar.narod.ru/materials/Doklady393_4_BikchentaevLO.pdf]
[ogs-seminar.narod.ru/materials/BikchentaevTikhonovJIPAM2005.pdf]
[ogs-seminar.narod.ru/materials/BikchentaevTikhonovLAA2006.pdf]
[ogs-seminar.narod.ru/materials/BikchentaevMatZam2011.pdf]
[ogs-seminar.narod.ru/materials/Perestanovka_differ_i_obraza.pdf]
[ogs-seminar.narod.ru/materials.html]
[ogs-seminar.narod.ru/B8G9fd7]
[ogs-seminar.narod.ru/photos/smolyanov.jpg]
[ogs-seminar.narod.ru/photos/smolyanov_edited.jpg]
[ogs-seminar.narod.ru/photos/strekalov.jpg]
[ogs-seminar.narod.ru/photos/strekalov_small.jpg]
[ogs-seminar.narod.ru/photos/ivremizov.jpg]
[ogs-seminar.narod.ru/photos/ivremizov_small.jpg]
[ogs-seminar.narod.ru/photos/starodubov.jpg]
[ogs-seminar.narod.ru/photos/starodubov_small.jpg]
[ogs-seminar.narod.ru/photos/lelyavin.jpg]
[ogs-seminar.narod.ru/photos/lelyavin_small.jpg]
[ogs-seminar.narod.ru/photos/vasilieva.jpg]
[ogs-seminar.narod.ru/photos/vasilieva_small.jpg]
[ogs-seminar.narod.ru/photos/dremov.jpg]
[ogs-seminar.narod.ru/photos/dremov_small.jpg]
[ogs-seminar.narod.ru/photos/volkov.jpg]
[ogs-seminar.narod.ru/photos/volkov_small.jpg]
[ogs-seminar.narod.ru/photos/plyashechnik.jpg]
[ogs-seminar.narod.ru/photos/plyashechnik_small.jpg]
[ogs-seminar.narod.ru/photos/duryagin.jpg]
[ogs-seminar.narod.ru/photos/duryagin_small.jpg]
[ogs-seminar.narod.ru/photos/zevahin.jpg]
[ogs-seminar.narod.ru/photos/zevahin_small.jpg]
[ogs-seminar.narod.ru/photos/chugreeva.jpg]
[ogs-seminar.narod.ru/photos/chugreeva_small.jpg]
[ogs-seminar.narod.ru/people.html]
[ogs-seminar.narod.ru/psem_08_09.html]
[ogs-seminar.narod.ru/DvMLG/pBqpLU7141]
[ogs-seminar.narod.ru/djnueA1/BpNyb0NiHc8f0]
[ogs-seminar.narod.ru/psem_09_10.html]
[ogs-seminar.narod.ru/jSb8oO/OFgvDAfhwm4537]
[ogs-seminar.narod.ru/psem_10_11.html]
[ogs-seminar.narod.ru/psem_11_12.html]
[ogs-seminar.narod.ru/mJyUeK/4LLS798a]
[ogs-seminar.narod.ru/p_Kf8SSB5/aBnMm/U4eK1eed7]
[ogs-seminar.narod.ru/psem_12_13.html]
[ogs-seminar.narod.ru/.s/img/sh/wait.gif]
[ogs-seminar.narod.ru/.s/img/fr/OmnD.gif]
[ogs-seminar.narod.ru/.s/img/fr/OmnD_.gif]
[ogs-seminar.narod.ru/.s/src/panel-v2/img/select_arrow.png]
[ogs-seminar.narod.ru/.s/src/panel-v2/img/select_disabled_arrow.png]
[ogs-seminar.narod.ru/.s/src/moder_panel/src/moder.png]
[ogs-seminar.narod.ru/.s/src/moder_panel/src/moder-dark.png]
[ogs-seminar.narod.ru/.s/img/wd/7/cmp-bg.gif]
[ogs-seminar.narod.ru/.s/img/fr/searchbg.png]
[ogs-seminar.narod.ru/.s/img/icon/del.png]
[ogs-seminar.narod.ru/.s/src/base.min.css]
[ogs-seminar.narod.ru/.s/img/wd/1/abbg.gif]
[ogs-seminar.narod.ru/.s/img/wd/1/text-bg.gif]
[ogs-seminar.narod.ru/.s/img/wd/1/spr.gif]
[ogs-seminar.narod.ru/.s/img/wd/1/menubg.gif]
[ogs-seminar.narod.ru/.s/img/wd/1/ar1.gif]
[ogs-seminar.narod.ru/.s/img/ma/newpm.gif]
[ogs-seminar.narod.ru/.s/img/wd/1/tb-btn-sprite.gif]
[ogs-seminar.narod.ru/.s/img/wd/1/shadow-h.png]
[ogs-seminar.narod.ru/.s/img/wd/1/shadow.png]
[ogs-seminar.narod.ru/.s/img/wd/1/tool-sprites.gif]
[ogs-seminar.narod.ru/.s/img/wd/1/top-bottom.png]
[ogs-seminar.narod.ru/.s/img/wd/1/left-corners.png]
[ogs-seminar.narod.ru/.s/img/wd/1/right-corners.png]
[ogs-seminar.narod.ru/.s/img/wd/1/left-right.png]
[ogs-seminar.narod.ru/.s/img/1px.gif]
[ogs-seminar.narod.ru/.s/img/wd/1/text-bg-focus.gif]
[ogs-seminar.narod.ru/.s/img/wd/1/li.png]
[ogs-seminar.narod.ru/.s/img/wd/1/ajax.gif]
[ogs-seminar.narod.ru/.s/img/wd/1/ajaxs.gif]
[ogs-seminar.narod.ru/.s/img/icon/ok.png]
[ogs-seminar.narod.ru/.s/img/icon/er.png]
[ogs-seminar.narod.ru/.s/img/wd/1/gridh.gif]
[ogs-seminar.narod.ru/.s/img/wd/1/btn-sprite.gif]
[ogs-seminar.narod.ru/.s/img/wd/1/scroll-left.gif]
[ogs-seminar.narod.ru/.s/img/wd/1/scroll-right.gif]
[ogs-seminar.narod.ru/.s/img/wd/1/tabs-sprite.gif]
[ogs-seminar.narod.ru/.s/img/wd/1/trigger.gif]
[ogs-seminar.narod.ru/.s/img/wd/1/cmp-bg.gif]
[ogs-seminar.narod.ru/.s/img/icon/ajsml.gif]
[ogs-seminar.narod.ru/.s/img/wd/1/sb.gif]
[ogs-seminar.narod.ru/.s/img/icon/pm.gif]
[ogs-seminar.narod.ru/.s/img/wd/1/c.png]
[ogs-seminar.narod.ru/.s/src/ulightbox/fancybox_sprite.png]
[ogs-seminar.narod.ru/.s/src/layer1.min.css]
[ogs-seminar.narod.ru/.s/src/ulightbox/fancybox_loading.gif]
[ogs-seminar.narod.ru/.s/src/ulightbox/blank.gif]
[ogs-seminar.narod.ru/.s/src/ulightbox/fancybox_buttons.png]
[ogs-seminar.narod.ru/.s/src/ulightbox/ulightbox.min.css]
[ogs-seminar.narod.ru/.s/src/social.css]
[ogs-seminar.narod.ru/9XEJr8g/Udw/LcXjN34bJd932]
[ogs-seminar.narod.ru/gb/jsmath/easy/load.94.delayed]
[ogs-seminar.narod.ru/gb/2.html]
[ogs-seminar.narod.ru/gb/3.html]
[ogs-seminar.narod.ru/gb/1.html]
[ogs-seminar.narod.ru/N9O6KS/wFru4fMP7B323c]
[ogs-seminar.narod.ru/gb/4.html]
[ogs-seminar.narod.ru/3i3/Ywg95NVVl/xmstQtb1b7]
[ogs-seminar.narod.ru/gb/5.html]
[ogs-seminar.narod.ru/nyHkEuiP8c01]
[ogs-seminar.narod.ru/gb/6.html]
[ogs-seminar.narod.ru/soMA/klw/vLz2eff0]
[ogs-seminar.narod.ru/jerE/k1l5GLKk5826]
[ogs-seminar.narod.ru/.s/src/css/971.css]
[ogs-seminar.narod.ru/.s/t/971/1.gif]
[ogs-seminar.narod.ru/.s/t/971/2.gif]
[ogs-seminar.narod.ru/.s/t/971/3.gif]
[ogs-seminar.narod.ru/.s/t/971/4.gif]
[ogs-seminar.narod.ru/.s/t/971/5.gif]
[ogs-seminar.narod.ru/.s/t/971/6.gif]
[ogs-seminar.narod.ru/.s/t/971/7.gif]
[ogs-seminar.narod.ru/.s/t/971/8.gif]
[ogs-seminar.narod.ru/.s/t/971/9.gif]
[ogs-seminar.narod.ru/index/0-2.html]
[ogs-seminar.narod.ru/index/0-3.html]
[ogs-seminar.narod.ru/.s/img/icon/uff.png]
[ogs-seminar.narod.ru/.s/img/icon/ufp.png]
[ogs-seminar.narod.ru/.s/t/971/10.gif]
[ogs-seminar.narod.ru/register.html]
[ogs-seminar.narod.ru/Doklady404_2_05VolovichTrushechkin.html]
[ogs-seminar.narod.ru/materials/TrushechkinVolovich_Tsim288.pdf]
[ogs-seminar.narod.ru/materials/Doklady431_2_SmolyanovShamarov.pdf]
[ogs-seminar.narod.ru/materials/Trushechkin_ON_STANDARDS_AND_SPECIFICATIONS_IJQI_0602_P347.pdf]
[ogs-seminar.narod.ru/materials/TrushechkinVolovich_Functional_Classical_Mechanics_V1N4_361-367.pdf]
[ogs-seminar.narod.ru/materials/akbarov-ster-spaces.pdf]
[ogs-seminar.narod.ru/materials/akbarov-stein-groups.pdf]
[ogs-seminar.narod.ru/materials/Sakbaev_TrudiMFTI_2009_01_04.html]
[ogs-seminar.narod.ru/materials/SergeevAG_QUTS.pdf]
[ogs-seminar.narod.ru/materials/Sakbaev_IDAQPRT_1301_P65.pdf]
[ogs-seminar.narod.ru/materials/BikchentaevMatZam2011.pdf]
[ogs-seminar.narod.ru/photos/strekalov.jpg]
[ogs-seminar.narod.ru/photos/starodubov.jpg]
[ogs-seminar.narod.ru/photos/lelyavin.jpg]
[ogs-seminar.narod.ru/photos/vasilieva.jpg]
[ogs-seminar.narod.ru/photos/dremov.jpg]
[ogs-seminar.narod.ru/photos/volkov.jpg]
[ogs-seminar.narod.ru/photos/plyashechnik.html]
[ogs-seminar.narod.ru/photos/duryagin.jpg]
[ogs-seminar.narod.ru/photos/zevahin.jpg]
[ogs-seminar.narod.ru/.s/img/wait.svg]
[ogs-seminar.narod.ru/.s/img/light_wait.svg]
[ogs-seminar.narod.ru/.s/img/icon/social/tg.svg]
[ogs-seminar.narod.ru/.s/img/icon/social/tg-w.svg]
[ogs-seminar.narod.ru/.s/img/icon/social/fb.svg]
[ogs-seminar.narod.ru/.s/img/icon/social/fb-w.svg]
[ogs-seminar.narod.ru/.s/img/icon/social/vk.svg]
[ogs-seminar.narod.ru/.s/img/icon/social/vk-w.svg]
[ogs-seminar.narod.ru/.s/img/icon/social/ya.svg]
[ogs-seminar.narod.ru/.s/img/icon/social/ya-w.svg]
[ogs-seminar.narod.ru/.s/img/icon/social/gp.svg]
[ogs-seminar.narod.ru/.s/img/icon/social/gp-w.svg]
[ogs-seminar.narod.ru/.s/img/icon/social/tw.svg]
[ogs-seminar.narod.ru/.s/img/icon/social/tw-w.svg]
[ogs-seminar.narod.ru/.s/img/icon/social/ok.svg]
[ogs-seminar.narod.ru/.s/img/icon/social/ok-w.svg]
[ogs-seminar.narod.ru/.s/img/icon/social/u.svg]
[ogs-seminar.narod.ru/.s/img/icon/social/u-w.svg]
[ogs-seminar.narod.ru/.s/img/icon/social/l.svg]
[ogs-seminar.narod.ru/.s/img/icon/social/l-w.svg]
[ogs-seminar.narod.ru/gb/jsmath/easy/load.html]
[ogs-seminar.narod.ru/photos/chugreeva.jpg]
[ogs-seminar.narod.ru/8q0aSmr/g9STN778a3]
[ogs-seminar.narod.ru/gb/1.html]
[ogs-seminar.narod.ru/.s/t/971/11.gif]
[ogs-seminar.narod.ru/.s/t/971/12.gif]
[ogs-seminar.narod.ru/.s/t/971/13.gif]
[ogs-seminar.narod.ru/.s/t/971/14.gif]
[ogs-seminar.narod.ru/.s/t/971/15.gif]
[ogs-seminar.narod.ru/.s/t/971/16.gif]
[ogs-seminar.narod.ru/.s/src/css/971.css]
[ogs-seminar.narod.ru/.s/t/971/19.gif]
[ogs-seminar.narod.ru/index/0-2.html]
[ogs-seminar.narod.ru/sVxd8b956]
[ogs-seminar.narod.ru/vsTzIMZ_Ktb03f]
[ogs-seminar.narod.ru/news/rss/index.html]
[ogs-seminar.narod.ru/index/0-3.html]
[ogs-seminar.narod.ru/.s/img/icon/social/pw.svg]
[ogs-seminar.narod.ru/.s/img/icon/social/pw-s.svg]
[ogs-seminar.narod.ru/.s/img/icon/social/fail.svg]
[ogs-seminar.narod.ru/.s/img/icon/social/pass.svg]
[ogs-seminar.narod.ru/mail/index.html]
[ogs-seminar.narod.ru/materials/TrushechkinVolovich_Tsim288.pdf]
[ogs-seminar.narod.ru/materials/TrushechkinVolovich_Functional_Classical_Mechanics_V1N4_361-367.pdf]
[ogs-seminar.narod.ru/materials/akbarov-ster-spaces.pdf]
[ogs-seminar.narod.ru/materials/akbarov-stein-groups.pdf]
[ogs-seminar.narod.ru/materials/Sakbaev_IDAQPRT_1301_P65.pdf]
[ogs-seminar.narod.ru/materials/BikchentaevMatZam2011.pdf]
[ogs-seminar.narod.ru/photos/strekalov.jpg]
[ogs-seminar.narod.ru/photos/starodubov.jpg]
[ogs-seminar.narod.ru/photos/lelyavin.jpg]
[ogs-seminar.narod.ru/photos/vasilieva.jpg]
[ogs-seminar.narod.ru/photos/dremov.jpg]
[ogs-seminar.narod.ru/photos/volkov.jpg]
[ogs-seminar.narod.ru/photos/duryagin.jpg]
[ogs-seminar.narod.ru/photos/zevahin.jpg]
[ogs-seminar.narod.ru/photos/chugreeva.jpg]
[ogs-seminar.narod.ru/index/sub/index.html]
